<html>
<body>
<pre>
<h1>µVision Build Log</h1>
<h2>Project:</h2>
F:\GitHub\stm32-A8\USART\USER\STM32-DEMO.uvproj
Project File Date:  11/09/2013

<h2>Output:</h2>
Build target 'STM32-DEMO'
assembling startup_stm32f10x_md.s...
compiling main.c...
compiling stm32f10x_it.c...
compiling usart1.c...
compiling led.c...
compiling stm32f10x_gpio.c...
compiling stm32f10x_rcc.c...
compiling stm32f10x_usart.c...
compiling core_cm3.c...
compiling system_stm32f10x.c...
linking...
Program Size: Code=4228 RO-data=268 RW-data=44 ZI-data=1028  
FromELF: creating hex file...
"..\Output\DEMO.axf" - 0 Error(s), 0 Warning(s).
Build target 'STM32-DEMO'
assembling startup_stm32f10x_md.s...
compiling main.c...
compiling stm32f10x_it.c...
compiling usart1.c...
compiling led.c...
compiling stm32f10x_gpio.c...
compiling stm32f10x_rcc.c...
compiling stm32f10x_usart.c...
compiling core_cm3.c...
compiling system_stm32f10x.c...
linking...
Program Size: Code=4228 RO-data=268 RW-data=44 ZI-data=1028  
FromELF: creating hex file...
"..\Output\DEMO.axf" - 0 Error(s), 0 Warning(s).
